// Jest Snapshot v1, https://goo.gl/fbAQLP

exports[`test component <HeaderCard /> should render component 1`] = `
<div>
  <div>
    <div
      class="bg-team-dark rounded-lg "
    >
      <div
        class="flex "
      >
        <div>
          <img
            alt=""
            class="h-16 w-16 rounded-full m-4"
          />
        </div>
        <div>
          <div
            class=" text-lg font-medium text-white mt-6"
          />
          <div
            class=" text-sm text-gray-400 inline-block"
          />
        </div>
      </div>
      <div
        class="ml-6 mb-3 text-sm text-white"
      />
      <div
        class=" box-content max-w-md mx-auto rounded-br-lg rounded-bl-lg bg-myColor shadow-md overflow-hidden md:max-w-2xl mt-2"
      >
        <div
          class=" flex justify-center "
        >
          <img
            alt="Man looking at item at a store"
            class="sm:h-48 sm:w-full object-cover md:h-80 md:w-full "
          />
        </div>
        <header
          class="flex justify-around items-center p-3 bg-team-dark"
        >
          <button
            class="bg-black text-team-green sm:text-sm sm:mr-2 rounded px-4 py-1 hover:bg-black  hover:border-team-green "
          >
            Ver comentarios
          </button>
          <div
            class="flex flex-row w-2/3 justify-end items-center gap-4"
          >
            <div
              class="w-fit"
              data-testid="tooltip-target"
            >
              <button>
                <svg
                  aria-hidden="true"
                  class="h-6 w-6 mb-3 relative top-2  rounded-md hover:fill-team-green  hover:text-black "
                  fill="none"
                  stroke="currentColor"
                  stroke-width="2"
                  viewBox="0 0 24 24"
                  xmlns="http://www.w3.org/2000/svg"
                >
                  <path
                    d="M11.049 2.927c.3-.921 1.603-.921 1.902 0l1.519 4.674a1 1 0 00.95.69h4.915c.969 0 1.371 1.24.588 1.81l-3.976 2.888a1 1 0 00-.363 1.118l1.518 4.674c.3.922-.755 1.688-1.538 1.118l-3.976-2.888a1 1 0 00-1.176 0l-3.976 2.888c-.783.57-1.838-.197-1.538-1.118l1.518-4.674a1 1 0 00-.363-1.118l-3.976-2.888c-.784-.57-.38-1.81.588-1.81h4.914a1 1 0 00.951-.69l1.519-4.674z"
                    stroke-linecap="round"
                    stroke-linejoin="round"
                  />
                </svg>
              </button>
            </div>
            <div
              class="absolute inline-block rounded-lg py-2 px-3 text-sm font-medium shadow-sm transition-opacity duration-300 invisible opacity-0 bg-gray-900 text-white dark:bg-gray-700"
              data-testid="tooltip"
              id=":r0:"
              role="tooltip"
              style="position: absolute;"
              tabindex="-1"
            >
              <div
                class="relative z-20"
              >
                Agregar a favoritos
              </div>
            </div>
            <div
              class="w-fit"
              data-testid="tooltip-target"
            >
              <button>
                <svg
                  aria-hidden="true"
                  class="h-6 w-6 mb-3 relative top-2  rounded-md  hover:fill-team-green  hover:text-black "
                  fill="none"
                  stroke="currentColor"
                  stroke-width="2"
                  viewBox="0 0 24 24"
                  xmlns="http://www.w3.org/2000/svg"
                >
                  <path
                    d="M12 9v3m0 0v3m0-3h3m-3 0H9m12 0a9 9 0 11-18 0 9 9 0 0118 0z"
                    stroke-linecap="round"
                    stroke-linejoin="round"
                  />
                </svg>
              </button>
            </div>
            <div
              class="absolute inline-block rounded-lg py-2 px-3 text-sm font-medium shadow-sm transition-opacity duration-300 invisible opacity-0 bg-gray-900 text-white dark:bg-gray-700"
              data-testid="tooltip"
              id=":r2:"
              role="tooltip"
              style="position: absolute;"
              tabindex="-1"
            >
              <div
                class="relative z-20"
              >
                Comentar
              </div>
            </div>
          </div>
        </header>
      </div>
    </div>
  </div>
</div>
`;
